// Vitest Snapshot v1, https://vitest.dev/guide/snapshot.html

exports[`SearchBox component 1`] = `
"<form class=\\"d-none d-sm-inline-block\\">
  <div class=\\"input-group input-group-navbar\\"><input type=\\"text\\" class=\\"form-control\\" placeholder=\\"Searchâ€¦\\" aria-label=\\"Search\\"><button class=\\"btn\\" type=\\"button\\"><svg width=\\"1em\\" height=\\"1em\\" viewBox=\\"0 0 16 16\\" fill=\\"currentColor\\" role=\\"img\\" focusable=\\"false\\" class=\\"bi-valign-middle\\">
        <path d=\\"M11.742 10.344a6.5 6.5 0 1 0-1.397 1.398h-.001c.03.04.062.078.098.115l3.85 3.85a1 1 0 0 0 1.415-1.414l-3.85-3.85a1.007 1.007 0 0 0-.115-.1zM12 6.5a5.5 5.5 0 1 1-11 0 5.5 5.5 0 0 1 11 0z\\"></path>
      </svg></button></div>
</form>"
`;
